#
# There is insufficient memory for the Java Runtime Environment to continue.
# Native memory allocation (mmap) failed to map 257949696 bytes for G1 virtual space
# Possible reasons:
#   The system is out of physical RAM or swap space
#   The process is running with CompressedOops enabled, and the Java Heap may be blocking the growth of the native heap
# Possible solutions:
#   Reduce memory load on the system
#   Increase physical memory or swap space
#   Check if swap backing store is full
#   Decrease Java heap size (-Xmx/-Xms)
#   Decrease number of Java threads
#   Decrease Java thread stack sizes (-Xss)
#   Set larger code cache with -XX:ReservedCodeCacheSize=
#   JVM is running with Zero Based Compressed Oops mode in which the Java heap is
#     placed in the first 32GB address space. The Java Heap base address is the
#     maximum limit for the native heap growth. Please use -XX:HeapBaseMinAddress
#     to set the Java Heap base and to place the Java Heap above 32GB virtual address.
# This output file may be truncated or incomplete.
#
#  Out of Memory Error (os_windows.cpp:3600), pid=22724, tid=8088
#
# JRE version:  (21.0.1+12) (build )
# Java VM: Java HotSpot(TM) 64-Bit Server VM (21.0.1+12-LTS-29, mixed mode, sharing, tiered, compressed oops, compressed class ptrs, g1 gc, windows-amd64)
# No core dump will be written. Minidumps are not enabled by default on client versions of Windows
#

---------------  S U M M A R Y ------------

Command Line: -Dmaven.multiModuleProjectDirectory=C:\Users\termo\Desktop\workspace\TruckingConfiguration\Modules\MailModule -Djansi.passthrough=true -Dmaven.home=C:\Users\termo\.m2\wrapper\dists\apache-maven-3.9.16-bin\5grr65jo27hi51sujmtcldfovl\apache-maven-3.9.16 -Dclassworlds.conf=C:\Users\termo\.m2\wrapper\dists\apache-maven-3.9.16-bin\5grr65jo27hi51sujmtcldfovl\apache-maven-3.9.16\bin\m2.conf -Dmaven.ext.class.path=C:\Program Files\JetBrains\IntelliJ IDEA Community Edition 2023.3.2\plugins\maven\lib\maven-event-listener.jar -javaagent:C:\Program Files\JetBrains\IntelliJ IDEA Community Edition 2023.3.2\lib\idea_rt.jar=60424:C:\Program Files\JetBrains\IntelliJ IDEA Community Edition 2023.3.2\bin -Dfile.encoding=UTF-8 -Dsun.stdout.encoding=UTF-8 -Dsun.stderr.encoding=UTF-8 org.codehaus.classworlds.Launcher -Didea.version=2023.3.2 clean install -Dmaven.test.skip=true -U

Host: AMD Ryzen 5 5625U with Radeon Graphics         , 12 cores, 15G,  Windows 11 , 64 bit Build 26100 (10.0.26100.5074)
Time: Mon Jul 27 09:14:02 2026 ora legale Europa occidentale elapsed time: 0.019807 seconds (0d 0h 0m 0s)

---------------  T H R E A D  ---------------

Current thread (0x00000253eff45b20):  JavaThread "Unknown thread" [_thread_in_vm, id=8088, stack(0x000000550f000000,0x000000550f100000) (1024K)]

Stack: [0x000000550f000000,0x000000550f100000]
Native frames: (J=compiled Java code, j=interpreted, Vv=VM code, C=native code)
V  [jvm.dll+0x6c9029]
V  [jvm.dll+0x854b81]
V  [jvm.dll+0x856e5e]
V  [jvm.dll+0x857543]
V  [jvm.dll+0x280c06]
V  [jvm.dll+0x6c5715]
V  [jvm.dll+0x6ba10a]
V  [jvm.dll+0x3557ea]
V  [jvm.dll+0x35d436]
V  [jvm.dll+0x3ae1be]
V  [jvm.dll+0x3ae468]
V  [jvm.dll+0x3291fc]
V  [jvm.dll+0x329d8b]
V  [jvm.dll+0x81d179]
V  [jvm.dll+0x3bb4f1]
V  [jvm.dll+0x805ae8]
V  [jvm.dll+0x44effe]
V  [jvm.dll+0x450901]
C  [jli.dll+0x52a3]
C  [ucrtbase.dll+0x37b0]
C  [KERNEL32.DLL+0x2e8d7]
C  [ntdll.dll+0x8d9c]


---------------  P R O C E S S  ---------------

Threads class SMR info:
_java_thread_list=0x00007ffd579f9b88, length=0, elements={
}

Java Threads: ( => current thread )
Total: 0

Other Threads:
  0x00000253f21e0c30 WorkerThread "GC Thread#0"                     [id=28572, stack(0x000000550f100000,0x000000550f200000) (1024K)]
  0x00000253f21f1020 ConcurrentGCThread "G1 Main Marker"            [id=25268, stack(0x000000550f200000,0x000000550f300000) (1024K)]
  0x00000253f21f3f00 WorkerThread "G1 Conc#0"                       [id=10896, stack(0x000000550f300000,0x000000550f400000) (1024K)]

[error occurred during error reporting (printing all threads), id 0xc0000005, EXCEPTION_ACCESS_VIOLATION (0xc0000005) at pc=0x00007ffd5716c2c7]
VM state: not at safepoint (not fully initialized)

VM Mutex/Monitor currently owned by a thread:  ([mutex/lock_event])
[0x00007ffd57a6a6f8] Heap_lock - owner thread: 0x00000253eff45b20

Heap address: 0x000000070b000000, size: 3920 MB, Compressed Oops mode: Zero based, Oop shift amount: 3

CDS archive(s) mapped at: [0x0000000000000000-0x0000000000000000-0x0000000000000000), size 0, SharedBaseAddress: 0x0000000800000000, ArchiveRelocationMode: 1.
Narrow klass base: 0x0000000000000000, Narrow klass shift: 0, Narrow klass range: 0x0

GC Precious Log:
 CardTable entry size: 512
 Card Set container configuration: InlinePtr #cards 4 size 8 Array Of Cards #cards 16 size 48 Howl #buckets 8 coarsen threshold 3686 Howl Bitmap #cards 512 size 80 coarsen threshold 460 Card regions per heap region 1 cards per card region 4096

Heap:
 garbage-first heap   total 0K, used 0K [0x000000070b000000, 0x0000000800000000)
  region size 2048K, 0 young (0K), 0 survivors (0K)

[error occurred during error reporting (printing heap information), id 0xc0000005, EXCEPTION_ACCESS_VIOLATION (0xc0000005) at pc=0x00007ffd57551be9]
GC Heap History (0 events):
No events

Dll operation events (1 events):
Event: 0.015 Loaded shared library C:\Program Files\Java\jdk-21\bin\java.dll

Deoptimization events (0 events):
No events

Classes loaded (0 events):
No events

Classes unloaded (0 events):
No events

Classes redefined (0 events):
No events

Internal exceptions (0 events):
No events

ZGC Phase Switch (0 events):
No events

VM Operations (0 events):
No events

Events (0 events):
No events


Dynamic libraries:
0x00007ff763dd0000 - 0x00007ff763de0000 	C:\Program Files\Java\jdk-21\bin\java.exe
0x00007ffe2d5c0000 - 0x00007ffe2d829000 	C:\WINDOWS\SYSTEM32\ntdll.dll
0x00007ffe2c9d0000 - 0x00007ffe2ca99000 	C:\WINDOWS\System32\KERNEL32.DLL
0x00007ffe2ad00000 - 0x00007ffe2b0f3000 	C:\WINDOWS\System32\KERNELBASE.dll
0x00007ffe2b190000 - 0x00007ffe2b2db000 	C:\WINDOWS\System32\ucrtbase.dll
0x00007ffe06ec0000 - 0x00007ffe06ed9000 	C:\Program Files\Java\jdk-21\bin\jli.dll
0x00007ffe2c5d0000 - 0x00007ffe2c684000 	C:\WINDOWS\System32\ADVAPI32.dll
0x00007ffe05bb0000 - 0x00007ffe05bcb000 	C:\Program Files\Java\jdk-21\bin\VCRUNTIME140.dll
0x00007ffe2b390000 - 0x00007ffe2b439000 	C:\WINDOWS\System32\msvcrt.dll
0x00007ffe2c850000 - 0x00007ffe2c8f6000 	C:\WINDOWS\System32\sechost.dll
0x00007ffe2cbe0000 - 0x00007ffe2ccf8000 	C:\WINDOWS\System32\RPCRT4.dll
0x00007ffe2c1e0000 - 0x00007ffe2c3a4000 	C:\WINDOWS\System32\USER32.dll
0x00007ffe10080000 - 0x00007ffe10313000 	C:\WINDOWS\WinSxS\amd64_microsoft.windows.common-controls_6595b64144ccf1df_6.0.26100.5074_none_3e0d6f78e32fd63f\COMCTL32.dll
0x00007ffe2acd0000 - 0x00007ffe2acf7000 	C:\WINDOWS\System32\win32u.dll
0x00007ffe2d550000 - 0x00007ffe2d57b000 	C:\WINDOWS\System32\GDI32.dll
0x00007ffe2a750000 - 0x00007ffe2a87d000 	C:\WINDOWS\System32\gdi32full.dll
0x00007ffe20f10000 - 0x00007ffe20f1b000 	C:\WINDOWS\SYSTEM32\VERSION.dll
0x00007ffe2b2e0000 - 0x00007ffe2b383000 	C:\WINDOWS\System32\msvcp_win.dll
0x00007ffe2c990000 - 0x00007ffe2c9bf000 	C:\WINDOWS\System32\IMM32.DLL
0x00007ffe06230000 - 0x00007ffe0623c000 	C:\Program Files\Java\jdk-21\bin\vcruntime140_1.dll
0x00007ffdc13b0000 - 0x00007ffdc143e000 	C:\Program Files\Java\jdk-21\bin\msvcp140.dll
0x00007ffd56e30000 - 0x00007ffd57b45000 	C:\Program Files\Java\jdk-21\bin\server\jvm.dll
0x00007ffe2cb30000 - 0x00007ffe2cba4000 	C:\WINDOWS\System32\WS2_32.dll
0x00007ffe2a5b0000 - 0x00007ffe2a60e000 	C:\WINDOWS\SYSTEM32\POWRPROF.dll
0x00007ffe20df0000 - 0x00007ffe20e25000 	C:\WINDOWS\SYSTEM32\WINMM.dll
0x00007ffe2a590000 - 0x00007ffe2a5a4000 	C:\WINDOWS\SYSTEM32\UMPDC.dll
0x00007ffe294f0000 - 0x00007ffe2950b000 	C:\WINDOWS\SYSTEM32\kernel.appcore.dll
0x00007ffe061e0000 - 0x00007ffe061ea000 	C:\Program Files\Java\jdk-21\bin\jimage.dll
0x00007ffe1cf20000 - 0x00007ffe1d162000 	C:\WINDOWS\SYSTEM32\DBGHELP.DLL
0x00007ffe2bc10000 - 0x00007ffe2bf8b000 	C:\WINDOWS\System32\combase.dll
0x00007ffe2b8d0000 - 0x00007ffe2b9a7000 	C:\WINDOWS\System32\OLEAUT32.dll
0x00007ffe10320000 - 0x00007ffe1035d000 	C:\WINDOWS\SYSTEM32\dbgcore.DLL
0x00007ffe2ac30000 - 0x00007ffe2acc9000 	C:\WINDOWS\System32\bcryptPrimitives.dll
0x00007ffe24000000 - 0x00007ffe2400f000 	C:\Program Files\Java\jdk-21\bin\instrument.dll
0x00007ffe04b40000 - 0x00007ffe04b5f000 	C:\Program Files\Java\jdk-21\bin\java.dll

dbghelp: loaded successfully - version: 4.0.5 - missing functions: none
symbol engine: initialized successfully - sym options: 0x614 - pdb path: .;C:\Program Files\Java\jdk-21\bin;C:\WINDOWS\SYSTEM32;C:\WINDOWS\WinSxS\amd64_microsoft.windows.common-controls_6595b64144ccf1df_6.0.26100.5074_none_3e0d6f78e32fd63f;C:\Program Files\Java\jdk-21\bin\server

VM Arguments:
jvm_args: -Dmaven.multiModuleProjectDirectory=C:\Users\termo\Desktop\workspace\TruckingConfiguration\Modules\MailModule -Djansi.passthrough=true -Dmaven.home=C:\Users\termo\.m2\wrapper\dists\apache-maven-3.9.16-bin\5grr65jo27hi51sujmtcldfovl\apache-maven-3.9.16 -Dclassworlds.conf=C:\Users\termo\.m2\wrapper\dists\apache-maven-3.9.16-bin\5grr65jo27hi51sujmtcldfovl\apache-maven-3.9.16\bin\m2.conf -Dmaven.ext.class.path=C:\Program Files\JetBrains\IntelliJ IDEA Community Edition 2023.3.2\plugins\maven\lib\maven-event-listener.jar -javaagent:C:\Program Files\JetBrains\IntelliJ IDEA Community Edition 2023.3.2\lib\idea_rt.jar=60424:C:\Program Files\JetBrains\IntelliJ IDEA Community Edition 2023.3.2\bin -Dfile.encoding=UTF-8 -Dsun.stdout.encoding=UTF-8 -Dsun.stderr.encoding=UTF-8 
java_command: org.codehaus.classworlds.Launcher -Didea.version=2023.3.2 clean install -Dmaven.test.skip=true -U
java_class_path (initial): C:\Users\termo\.m2\wrapper\dists\apache-maven-3.9.16-bin\5grr65jo27hi51sujmtcldfovl\apache-maven-3.9.16\boot\plexus-classworlds-2.11.0.jar;C:\Users\termo\.m2\wrapper\dists\apache-maven-3.9.16-bin\5grr65jo27hi51sujmtcldfovl\apache-maven-3.9.16\boot\plexus-classworlds.license
Launcher Type: SUN_STANDARD

[Global flags]
     intx CICompilerCount                          = 4                                         {product} {ergonomic}
     uint ConcGCThreads                            = 3                                         {product} {ergonomic}
     uint G1ConcRefinementThreads                  = 10                                        {product} {ergonomic}
   size_t G1HeapRegionSize                         = 2097152                                   {product} {ergonomic}
    uintx GCDrainStackTargetSize                   = 64                                        {product} {ergonomic}
   size_t InitialHeapSize                          = 257949696                                 {product} {ergonomic}
   size_t MarkStackSize                            = 4194304                                   {product} {ergonomic}
   size_t MaxHeapSize                              = 4110417920                                {product} {ergonomic}
   size_t MinHeapDeltaBytes                        = 2097152                                   {product} {ergonomic}
   size_t MinHeapSize                              = 8388608                                   {product} {ergonomic}
    uintx NonNMethodCodeHeapSize                   = 5839372                                {pd product} {ergonomic}
    uintx NonProfiledCodeHeapSize                  = 122909434                              {pd product} {ergonomic}
    uintx ProfiledCodeHeapSize                     = 122909434                              {pd product} {ergonomic}
    uintx ReservedCodeCacheSize                    = 251658240                              {pd product} {ergonomic}
     bool SegmentedCodeCache                       = true                                      {product} {ergonomic}
   size_t SoftMaxHeapSize                          = 4110417920                             {manageable} {ergonomic}
     bool UseCompressedOops                        = true                           {product lp64_product} {ergonomic}
     bool UseG1GC                                  = true                                      {product} {ergonomic}
     bool UseLargePagesIndividualAllocation        = false                                  {pd product} {ergonomic}

Logging:
Log output configuration:
 #0: stdout all=warning uptime,level,tags foldmultilines=false
 #1: stderr all=off uptime,level,tags foldmultilines=false

Environment Variables:
JAVA_HOME=C:\Program Files\Java\jdk-21
PATH=C:\Program Files\apache-maven-3.9.9\bin;C:\Windows\System32;C:\Windows;C:\Windows\System32\wbem;C:\Windows\System32\WindowsPowerShell\v1.0\;C:\Windows\System32\OpenSSH\;C:\Program Files\PuTTY\;C:\Program Files\Git\cmd;C:\Program Files\TortoiseSVN\bin;C:\Program Files\Microsoft SQL Server\150\Tools\Binn\;C:\Users\termo\AppData\Roaming\nvm;C:\Program Files\nodejs;C:\xampp\php;C:\Program Files\WireGuard\;C:\Program Files (x86)\GnuPG\bin;C:\ProgramData\chocolatey\bin;C:\Program Files\Docker\Docker\resources\bin;C:\composer;C:\Program Files\PuTTY;C:\Program Files\dotnet\;C:\Program Files\Java\jdk-21\bin;C:\Windows\System32;C:\Program Files\MariaDB 11.4\bin;C:\Program Files\Microsoft Visual Studio\2022\Community\VC\Tools\MSVC\14.42.34433\bin\Hostx64\x64;C:\Python27;C:\src\flutter\bin;C:\Program Files (x86)\Windows Kits\10\Windows Performance Toolkit\;C:\Users\termo\AppData\Local\Programs\Python\Python313\Scripts\;C:\Users\termo\AppData\Local\Programs\Python\Python313\;C:\Users\termo\AppData\Local\Microsoft\WindowsApps;C:\Program Files\JetBrains\IntelliJ IDEA 2023.3.2\bin;;C:\Program Files\JetBrains\IntelliJ IDEA Community Edition 2023.3.2\bin;;C:\Users\termo\.dotnet\tools;C:\Users\termo\AppData\Roaming\npm;C:\Users\termo\AppData\Roaming\nvm;C:\Program Files\nodejs;C:\Users\termo\AppData\Local\GitHubDesktop\bin;C:\Users\termo\.jdks\temurin-1.8.0_392\bin;C:\Program Files\Java\jdk-21;C:\Program Files\apache-maven-3.9.9\bin;C:\Users\termo\AppData\Roaming\Composer\vendor\bin;C:\Users\termo\AppData\Local\Programs\Microsoft VS Code\bin
USERNAME=termo
OS=Windows_NT
PROCESSOR_IDENTIFIER=AMD64 Family 25 Model 80 Stepping 0, AuthenticAMD
TMP=C:\Users\termo\AppData\Local\Temp
TEMP=C:\Users\termo\AppData\Local\Temp




Periodic native trim disabled

---------------  S Y S T E M  ---------------

OS:
 Windows 11 , 64 bit Build 26100 (10.0.26100.5074)
OS uptime: 11 days 13:44 hours
Hyper-V role detected

CPU: total 12 (initial active 12) (12 cores per cpu, 2 threads per core) family 25 model 80 stepping 0 microcode 0xa50000d, cx8, cmov, fxsr, ht, mmx, 3dnowpref, sse, sse2, sse3, ssse3, sse4a, sse4.1, sse4.2, popcnt, lzcnt, tsc, tscinvbit, avx, avx2, aes, erms, clmul, bmi1, bmi2, adx, sha, fma, vzeroupper, clflush, clflushopt, hv, rdtscp, rdpid, fsrm, f16c, cet_ss
Processor Information for processor 0
  Max Mhz: 2301, Current Mhz: 2301, Mhz Limit: 2301
Processor Information for processor 1
  Max Mhz: 2301, Current Mhz: 2010, Mhz Limit: 2301
Processor Information for processor 2
  Max Mhz: 2301, Current Mhz: 2301, Mhz Limit: 2301
Processor Information for processor 3
  Max Mhz: 2301, Current Mhz: 2010, Mhz Limit: 2301
Processor Information for processor 4
  Max Mhz: 2301, Current Mhz: 2301, Mhz Limit: 2301
Processor Information for processor 5
  Max Mhz: 2301, Current Mhz: 2010, Mhz Limit: 2301
Processor Information for processor 6
  Max Mhz: 2301, Current Mhz: 2301, Mhz Limit: 2301
Processor Information for processor 7
  Max Mhz: 2301, Current Mhz: 2010, Mhz Limit: 2301
Processor Information for processor 8
  Max Mhz: 2301, Current Mhz: 2301, Mhz Limit: 2301
Processor Information for processor 9
  Max Mhz: 2301, Current Mhz: 2010, Mhz Limit: 2301
Processor Information for processor 10
  Max Mhz: 2301, Current Mhz: 2010, Mhz Limit: 2301
Processor Information for processor 11
  Max Mhz: 2301, Current Mhz: 2010, Mhz Limit: 2301

Memory: 4k page, system-wide physical 15679M (1603M free)
TotalPageFile size 33905M (AvailPageFile size 58M)
current process WorkingSet (physical memory assigned to process): 12M, peak: 12M
current process commit charge ("private bytes"): 64M, peak: 310M

vm_info: Java HotSpot(TM) 64-Bit Server VM (21.0.1+12-LTS-29) for windows-amd64 JRE (21.0.1+12-LTS-29), built on 2023-10-05T13:27:09Z by "mach5one" with MS VC++ 17.1 (VS2022)

END.
